// Jest Snapshot v1, https://goo.gl/fbAQLP

exports[`expect to render CounterButton component 1`] = `
"<button id=\\"counter\\" style={{...}} onClick={[Function: onClick]}>
  Count: 
  0
</button>"
`;
