// Jest Snapshot v1, https://goo.gl/fbAQLP

exports[`expect to render List component 1`] = `
"<div>
  <Suspense fallback={{...}}>
    <lazy id={1} name=\\"John\\" username=\\"john\\" email=\\"john@gmail.com\\" />
  </Suspense>
</div>"
`;
